STORE loaded: ['Aim', 'Dance', 'Idle', 'Run', 'Walk']
BVH 1901 frames @ 30.00 fps, segment 0.00..63.33s
	parsing bvh '/home/anton-matzkaim/rave-land/_other/mocap/bandai/dataset-1_dance-short_normal_001.bvh'...	zero length node found: Head
	zero length node found: Hand_L
	zero length node found: Hand_R
	zero length node found: Toes_L
	zero length node found: Toes_R
0.0679
	importing to blender...	zero length bone found: Head
	zero length bone found: Hand_L
	zero length bone found: Hand_R
	zero length bone found: Toes_L
	zero length bone found: Toes_R
Done in 0.3809

BONE MAP: bandai
T0 frame 949 (hips z 1.137m)
YAW correction -8.3 deg
RETARGETED Dance: 1901 keys, 63.33s
CLIPS: ['Idle', 'Walk', 'Run', 'Aim', 'Dance']
STORE saved: /home/anton-matzkaim/rave-land/_other/cloud-route/techno-raver-rig/clips.blend
INFO Draco mesh compression is available, use library at /home/anton-matzkaim/rave-land/_other/auto-rig/blender-4.2.9-linux-x64/4.2/python/lib/python3.11/site-packages/libextern_draco.so
17:46:13 | INFO: Starting glTF 2.0 export
17:46:13 | INFO: Extracting primitive: geometry_0
17:46:13 | INFO: Primitives created: 2
17:46:14 | INFO: Finished glTF 2.0 export in 1.1648447513580322 s

EXPORTED /home/anton-matzkaim/rave-land/tools/anim/build/raw.glb
Blender 4.2.9 LTS (hash a10f621e649a built 2025-04-15 01:46:41)
Read blend: "/home/anton-matzkaim/rave-land/_other/cloud-route/techno-raver-rig/rig.blend"

Blender quit
prune: Removed types... Skin (1), Accessor (9)
written /home/anton-matzkaim/rave-land/tools/anim/build/final.glb
bvh2clip: Dance -> _other/cloud-route/techno-raver-animated.glb (1.1M)
