STORE loaded: ['Aim', 'Dance', 'Idle', 'Run', 'Walk']
BVH 24 frames @ 30.00 fps, segment 0.00..0.77s
	parsing bvh '/home/anton-matzkaim/rave-land/_other/mocap/bandai/dataset-1_run_normal_001.bvh'...0.0010
	importing to blender...Done in 0.0074

BONE MAP: bandai
T0 frame 18 (hips z 0.942m)
YAW correction 1.2 deg
RETARGETED Run: 24 keys, 0.77s
CLIPS: ['Idle', 'Walk', 'Run', 'Aim', 'Dance']
STORE saved: /home/anton-matzkaim/rave-land/_other/cloud-route/techno-raver-rig/clips.blend
INFO Draco mesh compression is available, use library at /home/anton-matzkaim/rave-land/_other/auto-rig/blender-4.2.9-linux-x64/4.2/python/lib/python3.11/site-packages/libextern_draco.so
17:45:52 | INFO: Starting glTF 2.0 export
17:45:52 | INFO: Extracting primitive: geometry_0
17:45:53 | INFO: Primitives created: 2
17:45:53 | INFO: Finished glTF 2.0 export in 0.8342041969299316 s

EXPORTED /home/anton-matzkaim/rave-land/tools/anim/build/raw.glb
Blender 4.2.9 LTS (hash a10f621e649a built 2025-04-15 01:46:41)
Read blend: "/home/anton-matzkaim/rave-land/_other/cloud-route/techno-raver-rig/rig.blend"

Blender quit
prune: Removed types... Skin (1), Accessor (9)
written /home/anton-matzkaim/rave-land/tools/anim/build/final.glb
bvh2clip: Run -> _other/cloud-route/techno-raver-animated.glb (1.1M)
