Using Python 3.12.13 environment at: venv
Resolved 12 packages in 7ms
   Building torchmcubes @ file:///home/anton-matzkaim/rave-land/_other/local-gen/torchmcubes-src
      Built torchmcubes @ file:///home/anton-matzkaim/rave-land/_other/local-gen/torchmcubes-src
Prepared 1 package in 46.08s
Installed 1 package in 10ms
 + torchmcubes==0.1.0 (from file:///home/anton-matzkaim/rave-land/_other/local-gen/torchmcubes-src)
	Command being timed: "uv pip install --python venv/bin/python --no-build-isolation ./torchmcubes-src"
	User time (seconds): 43.57
	System time (seconds): 3.02
	Percent of CPU this job got: 100%
	Elapsed (wall clock) time (h:mm:ss or m:ss): 0:46.26
	Average shared text size (kbytes): 0
	Average unshared data size (kbytes): 0
	Average stack size (kbytes): 0
	Average total size (kbytes): 0
	Maximum resident set size (kbytes): 1502128
	Average resident set size (kbytes): 0
	Major (requiring I/O) page faults: 793
	Minor (reclaiming a frame) page faults: 1464648
	Voluntary context switches: 13442
	Involuntary context switches: 13284
	Swaps: 0
	File system inputs: 267056
	File system outputs: 139776
	Socket messages sent: 0
	Socket messages received: 0
	Signals delivered: 0
	Page size (bytes): 4096
	Exit status: 0
